mode: set
github.com/baphled/kariya/cmd/cli/main.go:19.13,21.2 1 0
github.com/baphled/kariya/cmd/cli/main.go:23.44,28.27 3 1
github.com/baphled/kariya/cmd/cli/main.go:28.27,29.14 1 1
github.com/baphled/kariya/cmd/cli/main.go:30.26,31.22 1 1
github.com/baphled/kariya/cmd/cli/main.go:32.23,33.19 1 1
github.com/baphled/kariya/cmd/cli/main.go:38.2,38.17 1 1
github.com/baphled/kariya/cmd/cli/main.go:38.17,41.3 2 1
github.com/baphled/kariya/cmd/cli/main.go:44.2,44.14 1 1
github.com/baphled/kariya/cmd/cli/main.go:44.14,47.3 2 1
github.com/baphled/kariya/cmd/cli/main.go:51.2,60.35 6 0
github.com/baphled/kariya/cmd/cli/main.go:60.35,63.3 2 0
github.com/baphled/kariya/cmd/cli/main.go:64.2,64.10 1 0
github.com/baphled/kariya/cmd/cli/main.go:67.33,76.2 8 1
github.com/baphled/kariya/internal/cli/app/app.go:41.97,52.2 1 1
github.com/baphled/kariya/internal/cli/app/app.go:55.32,57.2 1 0
github.com/baphled/kariya/internal/cli/app/app.go:60.58,62.20 1 1
github.com/baphled/kariya/internal/cli/app/app.go:63.32,69.16 5 1
github.com/baphled/kariya/internal/cli/app/app.go:71.28,76.16 4 1
github.com/baphled/kariya/internal/cli/app/app.go:80.2,80.60 1 1
github.com/baphled/kariya/internal/cli/app/app.go:80.60,85.30 3 1
github.com/baphled/kariya/internal/cli/app/app.go:85.30,88.4 2 0
github.com/baphled/kariya/internal/cli/app/app.go:90.3,90.16 1 1
github.com/baphled/kariya/internal/cli/app/app.go:94.2,94.63 1 1
github.com/baphled/kariya/internal/cli/app/app.go:94.63,98.3 3 1
github.com/baphled/kariya/internal/cli/app/app.go:101.2,101.27 1 1
github.com/baphled/kariya/internal/cli/app/app.go:102.18,103.23 1 1
github.com/baphled/kariya/internal/cli/app/app.go:104.22,105.22 1 1
github.com/baphled/kariya/internal/cli/app/app.go:106.12,108.32 2 1
github.com/baphled/kariya/internal/cli/app/app.go:109.12,112.51 3 1
github.com/baphled/kariya/internal/cli/app/app.go:113.12,115.32 2 1
github.com/baphled/kariya/internal/cli/app/app.go:116.20,117.38 1 1
github.com/baphled/kariya/internal/cli/app/app.go:120.25,122.24 2 1
github.com/baphled/kariya/internal/cli/app/app.go:125.2,125.15 1 1
github.com/baphled/kariya/internal/cli/app/app.go:129.31,130.25 1 1
github.com/baphled/kariya/internal/cli/app/app.go:131.18,132.24 1 1
github.com/baphled/kariya/internal/cli/app/app.go:133.21,134.25 1 1
github.com/baphled/kariya/internal/cli/app/app.go:134.25,136.4 1 1
github.com/baphled/kariya/internal/cli/app/app.go:137.3,137.27 1 0
github.com/baphled/kariya/internal/cli/app/app.go:138.18,139.24 1 1
github.com/baphled/kariya/internal/cli/app/app.go:140.18,141.24 1 1
github.com/baphled/kariya/internal/cli/app/app.go:142.21,143.28 1 1
github.com/baphled/kariya/internal/cli/app/app.go:143.28,145.4 1 1
github.com/baphled/kariya/internal/cli/app/app.go:146.3,146.22 1 0
github.com/baphled/kariya/internal/cli/app/app.go:147.18,148.22 1 0
github.com/baphled/kariya/internal/cli/app/app.go:149.10,150.24 1 0
github.com/baphled/kariya/internal/cli/app/app.go:155.37,169.2 1 1
github.com/baphled/kariya/internal/cli/app/app.go:172.40,194.2 1 0
github.com/baphled/kariya/internal/cli/app/app.go:197.37,211.2 1 1
github.com/baphled/kariya/internal/cli/app/app.go:214.37,226.2 1 1
github.com/baphled/kariya/internal/cli/components/tag_selector.go:16.36,20.2 1 1
github.com/baphled/kariya/internal/cli/components/tag_selector.go:23.48,25.31 2 1
github.com/baphled/kariya/internal/cli/components/tag_selector.go:25.31,27.3 1 1
github.com/baphled/kariya/internal/cli/components/tag_selector.go:28.2,28.13 1 1
github.com/baphled/kariya/internal/cli/components/tag_selector.go:32.49,34.38 2 1
github.com/baphled/kariya/internal/cli/components/tag_selector.go:34.38,36.3 1 1
github.com/baphled/kariya/internal/cli/components/tag_selector.go:37.2,37.13 1 1
github.com/baphled/kariya/internal/cli/components/tag_selector.go:41.52,43.30 1 1
github.com/baphled/kariya/internal/cli/components/tag_selector.go:43.30,45.3 1 1
github.com/baphled/kariya/internal/cli/components/tag_selector.go:48.2,48.22 1 1
github.com/baphled/kariya/internal/cli/components/tag_selector.go:48.22,50.3 1 1
github.com/baphled/kariya/internal/cli/components/tag_selector.go:53.2,53.27 1 1
github.com/baphled/kariya/internal/cli/components/tag_selector.go:53.27,55.3 1 0
github.com/baphled/kariya/internal/cli/components/tag_selector.go:57.2,58.12 2 1
github.com/baphled/kariya/internal/cli/components/tag_selector.go:62.54,63.23 1 1
github.com/baphled/kariya/internal/cli/components/tag_selector.go:63.23,65.3 1 1
github.com/baphled/kariya/internal/cli/components/tag_selector.go:67.2,68.12 2 1
github.com/baphled/kariya/internal/cli/components/tag_selector.go:72.59,73.18 1 1
github.com/baphled/kariya/internal/cli/components/tag_selector.go:73.18,75.3 1 1
github.com/baphled/kariya/internal/cli/components/tag_selector.go:77.2,80.38 3 1
github.com/baphled/kariya/internal/cli/components/tag_selector.go:80.38,81.59 1 1
github.com/baphled/kariya/internal/cli/components/tag_selector.go:81.59,83.4 1 1
github.com/baphled/kariya/internal/cli/components/tag_selector.go:86.2,86.17 1 1
github.com/baphled/kariya/internal/cli/components/tag_selector.go:90.52,91.22 1 1
github.com/baphled/kariya/internal/cli/components/tag_selector.go:91.22,93.3 1 1
github.com/baphled/kariya/internal/cli/components/tag_selector.go:94.2,94.26 1 1
github.com/baphled/kariya/internal/cli/components/tag_selector.go:98.52,100.2 1 1
github.com/baphled/kariya/internal/cli/components/tag_selector.go:103.32,105.2 1 1
github.com/baphled/kariya/internal/cli/models/form.go:46.67,91.2 16 1
github.com/baphled/kariya/internal/cli/models/form.go:94.36,96.2 1 1
github.com/baphled/kariya/internal/cli/models/form.go:99.62,100.27 1 1
github.com/baphled/kariya/internal/cli/models/form.go:101.17,103.21 1 1
github.com/baphled/kariya/internal/cli/models/form.go:103.21,107.4 3 1
github.com/baphled/kariya/internal/cli/models/form.go:107.9,111.4 3 1
github.com/baphled/kariya/internal/cli/models/form.go:112.3,112.16 1 1
github.com/baphled/kariya/internal/cli/models/form.go:114.18,115.23 1 1
github.com/baphled/kariya/internal/cli/models/form.go:116.24,117.22 1 1
github.com/baphled/kariya/internal/cli/models/form.go:119.50,123.54 2 1
github.com/baphled/kariya/internal/cli/models/form.go:123.54,125.5 1 1
github.com/baphled/kariya/internal/cli/models/form.go:128.4,128.38 1 1
github.com/baphled/kariya/internal/cli/models/form.go:128.38,129.18 1 1
github.com/baphled/kariya/internal/cli/models/form.go:129.18,131.25 2 0
github.com/baphled/kariya/internal/cli/models/form.go:131.25,133.7 1 0
github.com/baphled/kariya/internal/cli/models/form.go:134.6,134.19 1 0
github.com/baphled/kariya/internal/cli/models/form.go:136.5,136.20 1 1
github.com/baphled/kariya/internal/cli/models/form.go:136.20,138.37 2 1
github.com/baphled/kariya/internal/cli/models/form.go:138.37,140.7 1 0
github.com/baphled/kariya/internal/cli/models/form.go:141.6,141.19 1 1
github.com/baphled/kariya/internal/cli/models/form.go:146.4,146.57 1 1
github.com/baphled/kariya/internal/cli/models/form.go:146.57,148.5 1 1
github.com/baphled/kariya/internal/cli/models/form.go:150.4,150.37 1 1
github.com/baphled/kariya/internal/cli/models/form.go:150.37,152.5 1 1
github.com/baphled/kariya/internal/cli/models/form.go:152.10,154.5 1 1
github.com/baphled/kariya/internal/cli/models/form.go:156.4,156.40 1 1
github.com/baphled/kariya/internal/cli/models/form.go:156.40,158.5 1 1
github.com/baphled/kariya/internal/cli/models/form.go:158.10,158.31 1 1
github.com/baphled/kariya/internal/cli/models/form.go:158.31,160.5 1 1
github.com/baphled/kariya/internal/cli/models/form.go:163.4,164.32 2 1
github.com/baphled/kariya/internal/cli/models/form.go:169.2,175.15 4 1
github.com/baphled/kariya/internal/cli/models/form.go:179.44,180.33 1 1
github.com/baphled/kariya/internal/cli/models/form.go:181.17,182.24 1 1
github.com/baphled/kariya/internal/cli/models/form.go:183.17,184.24 1 1
github.com/baphled/kariya/internal/cli/models/form.go:189.41,191.28 2 1
github.com/baphled/kariya/internal/cli/models/form.go:191.28,193.3 1 1
github.com/baphled/kariya/internal/cli/models/form.go:193.8,195.3 1 1
github.com/baphled/kariya/internal/cli/models/form.go:199.41,201.19 2 1
github.com/baphled/kariya/internal/cli/models/form.go:201.19,204.3 2 1
github.com/baphled/kariya/internal/cli/models/form.go:206.2,207.16 2 1
github.com/baphled/kariya/internal/cli/models/form.go:207.16,210.3 2 1
github.com/baphled/kariya/internal/cli/models/form.go:212.2,212.33 1 1
github.com/baphled/kariya/internal/cli/models/form.go:212.33,215.3 2 1
github.com/baphled/kariya/internal/cli/models/form.go:217.2,217.34 1 1
github.com/baphled/kariya/internal/cli/models/form.go:221.35,238.50 10 1
github.com/baphled/kariya/internal/cli/models/form.go:238.50,240.3 1 1
github.com/baphled/kariya/internal/cli/models/form.go:241.2,250.50 5 1
github.com/baphled/kariya/internal/cli/models/form.go:250.50,252.3 1 1
github.com/baphled/kariya/internal/cli/models/form.go:253.2,279.13 16 1
github.com/baphled/kariya/internal/cli/models/form.go:279.13,281.3 1 1
github.com/baphled/kariya/internal/cli/models/form.go:282.2,286.18 3 1
github.com/baphled/kariya/internal/cli/models/form.go:286.18,289.3 2 0
github.com/baphled/kariya/internal/cli/models/form.go:292.2,295.19 3 1
github.com/baphled/kariya/internal/cli/models/form.go:299.49,302.31 2 1
github.com/baphled/kariya/internal/cli/models/form.go:302.31,304.23 2 1
github.com/baphled/kariya/internal/cli/models/form.go:304.23,306.4 1 1
github.com/baphled/kariya/internal/cli/models/form.go:307.3,309.90 3 1
github.com/baphled/kariya/internal/cli/models/form.go:312.2,312.19 1 1
github.com/baphled/kariya/internal/cli/models/form.go:316.77,317.14 1 1
github.com/baphled/kariya/internal/cli/models/form.go:318.40,319.31 1 1
github.com/baphled/kariya/internal/cli/models/form.go:320.32,321.23 1 1
github.com/baphled/kariya/internal/cli/models/form.go:322.33,323.24 1 1
github.com/baphled/kariya/internal/cli/models/form.go:324.10,325.22 1 0
github.com/baphled/kariya/internal/cli/models/form.go:330.84,331.14 1 1
github.com/baphled/kariya/internal/cli/models/form.go:332.40,333.44 1 1
github.com/baphled/kariya/internal/cli/models/form.go:334.32,335.46 1 1
github.com/baphled/kariya/internal/cli/models/form.go:336.33,337.35 1 1
github.com/baphled/kariya/internal/cli/models/form.go:338.10,339.12 1 0
github.com/baphled/kariya/internal/cli/models/form.go:344.60,345.13 1 1
github.com/baphled/kariya/internal/cli/models/form.go:345.13,347.3 1 1
github.com/baphled/kariya/internal/cli/models/form.go:348.2,348.12 1 1
github.com/baphled/kariya/internal/cli/models/form.go:352.52,353.34 1 1
github.com/baphled/kariya/internal/cli/models/form.go:353.34,355.3 1 1
github.com/baphled/kariya/internal/cli/models/form.go:356.2,356.11 1 1
github.com/baphled/kariya/internal/cli/models/form.go:360.45,363.37 2 1
github.com/baphled/kariya/internal/cli/models/form.go:363.37,364.24 1 1
github.com/baphled/kariya/internal/cli/models/form.go:364.24,366.4 1 1
github.com/baphled/kariya/internal/cli/models/form.go:366.9,368.4 1 1
github.com/baphled/kariya/internal/cli/models/form.go:371.2,371.13 1 1
github.com/baphled/kariya/internal/cli/models/form.go:375.55,379.34 2 1
github.com/baphled/kariya/internal/cli/models/form.go:379.34,381.3 1 1
github.com/baphled/kariya/internal/cli/models/form.go:383.2,383.27 1 1
github.com/baphled/kariya/internal/cli/models/form.go:393.42,394.24 1 1
github.com/baphled/kariya/internal/cli/models/form.go:394.24,397.17 2 1
github.com/baphled/kariya/internal/cli/models/form.go:397.17,399.4 1 1
github.com/baphled/kariya/internal/cli/models/form.go:402.3,402.23 1 1
github.com/baphled/kariya/internal/cli/models/form.go:402.23,404.4 1 0
github.com/baphled/kariya/internal/cli/models/form.go:407.3,409.17 3 1
github.com/baphled/kariya/internal/cli/models/form.go:409.17,411.4 1 1
github.com/baphled/kariya/internal/cli/models/form.go:414.3,414.34 1 1
github.com/baphled/kariya/internal/cli/models/form.go:414.34,416.4 1 1
github.com/baphled/kariya/internal/cli/models/form.go:419.3,420.47 2 1
github.com/baphled/kariya/internal/cli/models/form.go:420.47,422.39 2 1
github.com/baphled/kariya/internal/cli/models/form.go:422.39,424.5 1 1
github.com/baphled/kariya/internal/cli/models/form.go:428.3,437.20 6 1
github.com/baphled/kariya/internal/cli/models/form.go:437.20,439.4 1 1
github.com/baphled/kariya/internal/cli/models/form.go:440.3,440.20 1 1
github.com/baphled/kariya/internal/cli/models/form.go:440.20,442.4 1 1
github.com/baphled/kariya/internal/cli/models/form.go:443.3,443.20 1 1
github.com/baphled/kariya/internal/cli/models/form.go:443.20,445.4 1 1
github.com/baphled/kariya/internal/cli/models/form.go:447.3,447.88 1 1
github.com/baphled/kariya/internal/cli/models/form.go:447.88,449.4 1 0
github.com/baphled/kariya/internal/cli/models/form.go:452.3,460.43 2 1
github.com/baphled/kariya/internal/cli/models/form.go:465.66,466.58 1 1
github.com/baphled/kariya/internal/cli/models/form.go:466.58,468.3 1 1
github.com/baphled/kariya/internal/cli/models/form.go:471.2,472.16 2 1
github.com/baphled/kariya/internal/cli/models/form.go:472.16,474.3 1 1
github.com/baphled/kariya/internal/cli/models/form.go:478.2,478.40 1 1
github.com/baphled/kariya/internal/cli/models/form.go:478.40,480.22 2 0
github.com/baphled/kariya/internal/cli/models/form.go:480.22,486.16 4 0
github.com/baphled/kariya/internal/cli/models/form.go:487.23,488.50 1 0
github.com/baphled/kariya/internal/cli/models/form.go:489.25,490.52 1 0
github.com/baphled/kariya/internal/cli/models/form.go:491.27,492.50 1 0
github.com/baphled/kariya/internal/cli/models/form.go:493.25,494.50 1 0
github.com/baphled/kariya/internal/cli/models/form.go:499.2,499.69 1 1
github.com/baphled/kariya/internal/cli/models/form.go:503.38,505.2 1 1
github.com/baphled/kariya/internal/cli/models/form.go:508.49,510.2 1 1
github.com/baphled/kariya/internal/cli/models/form.go:513.35,515.2 1 1
github.com/baphled/kariya/internal/cli/models/form.go:518.53,519.41 1 1
github.com/baphled/kariya/internal/cli/models/form.go:519.41,521.3 1 1
github.com/baphled/kariya/internal/cli/models/form.go:522.2,522.11 1 0
github.com/baphled/kariya/internal/cli/models/form.go:526.59,528.2 1 1
github.com/baphled/kariya/internal/cli/models/form.go:531.29,540.26 8 1
github.com/baphled/kariya/internal/cli/models/form.go:540.26,542.3 1 1
github.com/baphled/kariya/internal/cli/models/form.go:545.2,547.21 2 1
github.com/baphled/kariya/internal/cli/models/success.go:31.63,38.2 1 1
github.com/baphled/kariya/internal/cli/models/success.go:41.52,43.2 1 1
github.com/baphled/kariya/internal/cli/models/success.go:46.39,48.2 1 0
github.com/baphled/kariya/internal/cli/models/success.go:51.65,52.27 1 1
github.com/baphled/kariya/internal/cli/models/success.go:53.18,54.19 1 1
github.com/baphled/kariya/internal/cli/models/success.go:55.20,57.47 1 1
github.com/baphled/kariya/internal/cli/models/success.go:57.47,59.5 1 0
github.com/baphled/kariya/internal/cli/models/success.go:60.4,60.17 1 1
github.com/baphled/kariya/internal/cli/models/success.go:62.21,64.37 1 0
github.com/baphled/kariya/internal/cli/models/success.go:64.37,66.5 1 0
github.com/baphled/kariya/internal/cli/models/success.go:67.4,67.17 1 0
github.com/baphled/kariya/internal/cli/models/success.go:69.21,71.31 1 1
github.com/baphled/kariya/internal/cli/models/success.go:73.33,74.22 1 1
github.com/baphled/kariya/internal/cli/models/success.go:77.25,79.24 2 0
github.com/baphled/kariya/internal/cli/models/success.go:82.2,82.15 1 0
github.com/baphled/kariya/internal/cli/models/success.go:86.48,87.26 1 1
github.com/baphled/kariya/internal/cli/models/success.go:88.28,89.25 1 1
github.com/baphled/kariya/internal/cli/models/success.go:89.25,91.4 1 0
github.com/baphled/kariya/internal/cli/models/success.go:92.24,93.25 1 0
github.com/baphled/kariya/internal/cli/models/success.go:93.25,95.4 1 0
github.com/baphled/kariya/internal/cli/models/success.go:96.18,97.18 1 0
github.com/baphled/kariya/internal/cli/models/success.go:99.2,99.12 1 0
github.com/baphled/kariya/internal/cli/models/success.go:103.38,130.2 15 1
github.com/baphled/kariya/internal/cli/models/success.go:133.49,152.27 11 1
github.com/baphled/kariya/internal/cli/models/success.go:152.27,156.3 3 1
github.com/baphled/kariya/internal/cli/models/success.go:159.2,159.27 1 1
github.com/baphled/kariya/internal/cli/models/success.go:159.27,163.3 3 1
github.com/baphled/kariya/internal/cli/models/success.go:166.2,166.27 1 1
github.com/baphled/kariya/internal/cli/models/success.go:166.27,170.3 3 1
github.com/baphled/kariya/internal/cli/models/success.go:173.2,184.13 7 1
github.com/baphled/kariya/internal/cli/models/success.go:188.44,190.35 2 1
github.com/baphled/kariya/internal/cli/models/success.go:190.35,198.3 2 1
github.com/baphled/kariya/internal/cli/models/success.go:199.2,199.36 1 1
github.com/baphled/kariya/internal/cli/models/success.go:203.47,219.2 8 1
github.com/baphled/kariya/internal/cli/models/success.go:222.73,224.14 2 1
github.com/baphled/kariya/internal/cli/models/success.go:224.14,226.3 1 1
github.com/baphled/kariya/internal/cli/models/success.go:227.2,227.28 1 1
github.com/baphled/kariya/internal/cli/service/event_service.go:18.74,22.2 1 1
github.com/baphled/kariya/internal/cli/service/event_service.go:25.149,28.27 2 1
github.com/baphled/kariya/internal/cli/service/event_service.go:28.27,30.3 1 1
github.com/baphled/kariya/internal/cli/service/event_service.go:33.2,43.49 2 1
github.com/baphled/kariya/internal/cli/service/event_service.go:47.123,49.2 1 1
github.com/baphled/kariya/internal/cli/service/event_service.go:52.106,54.2 1 1
github.com/baphled/kariya/internal/cli/service/event_service.go:68.35,73.2 1 1
github.com/baphled/kariya/internal/cli/service/event_service.go:76.41,77.31 1 1
github.com/baphled/kariya/internal/cli/service/event_service.go:77.31,79.3 1 1
github.com/baphled/kariya/internal/cli/service/event_service.go:83.41,84.31 1 1
github.com/baphled/kariya/internal/cli/service/event_service.go:84.31,86.3 1 1
github.com/baphled/kariya/internal/cli/service/event_service.go:90.37,91.31 1 1
github.com/baphled/kariya/internal/cli/service/event_service.go:91.31,93.3 1 1
github.com/baphled/kariya/internal/cli/service/event_service.go:97.49,98.31 1 0
github.com/baphled/kariya/internal/cli/service/event_service.go:98.31,100.3 1 0
github.com/baphled/kariya/internal/cli/styles/styles.go:270.54,274.2 1 1
github.com/baphled/kariya/internal/cli/styles/styles.go:277.61,281.2 1 1
github.com/baphled/kariya/internal/cli/styles/styles.go:284.59,288.2 1 1
github.com/baphled/kariya/internal/cli/styles/styles.go:291.81,293.2 1 1
github.com/baphled/kariya/internal/cli/styles/styles.go:296.80,298.2 1 1
github.com/baphled/kariya/internal/cli/styles/styles.go:304.38,306.37 2 1
github.com/baphled/kariya/internal/cli/styles/styles.go:306.37,308.3 1 1
github.com/baphled/kariya/internal/cli/styles/styles.go:309.2,309.24 1 1
github.com/baphled/kariya/internal/cli/styles/styles.go:313.54,315.2 1 1
github.com/baphled/kariya/internal/cli/styles/styles.go:318.53,320.2 1 1
github.com/baphled/kariya/internal/cli/styles/styles.go:323.52,325.2 1 1
github.com/baphled/kariya/internal/cli/styles/styles.go:328.47,330.2 1 1
github.com/baphled/kariya/internal/cli/styles/styles.go:333.48,335.2 1 1
github.com/baphled/kariya/internal/cli/styles/styles.go:338.56,341.2 2 1
github.com/baphled/kariya/internal/cli/styles/styles.go:344.55,347.2 2 1
github.com/baphled/kariya/internal/cli/styles/styles.go:350.56,353.2 2 1
github.com/baphled/kariya/internal/cli/styles/styles.go:356.63,361.2 4 1
github.com/baphled/kariya/internal/cli/styles/styles.go:364.78,370.2 5 1
github.com/baphled/kariya/internal/cli/styles/styles.go:373.65,379.2 5 1
github.com/baphled/kariya/internal/cli/validation/validator.go:22.77,28.2 1 1
github.com/baphled/kariya/internal/cli/validation/validator.go:31.42,33.2 1 1
github.com/baphled/kariya/internal/cli/validation/validator.go:36.46,44.24 4 1
github.com/baphled/kariya/internal/cli/validation/validator.go:44.24,46.3 1 1
github.com/baphled/kariya/internal/cli/validation/validator.go:48.2,48.19 1 1
github.com/baphled/kariya/internal/cli/validation/validator.go:55.42,57.2 1 1
github.com/baphled/kariya/internal/cli/validation/validator.go:61.58,63.19 2 1
github.com/baphled/kariya/internal/cli/validation/validator.go:63.19,69.3 1 1
github.com/baphled/kariya/internal/cli/validation/validator.go:70.2,70.22 1 1
github.com/baphled/kariya/internal/cli/validation/validator.go:70.22,76.3 1 1
github.com/baphled/kariya/internal/cli/validation/validator.go:77.2,77.12 1 1
github.com/baphled/kariya/internal/cli/validation/validator.go:81.61,82.28 1 1
github.com/baphled/kariya/internal/cli/validation/validator.go:82.28,84.3 1 1
github.com/baphled/kariya/internal/cli/validation/validator.go:85.2,85.12 1 1
github.com/baphled/kariya/internal/cli/validation/validator.go:89.105,91.45 1 1
github.com/baphled/kariya/internal/cli/validation/validator.go:91.45,93.3 1 0
github.com/baphled/kariya/internal/cli/validation/validator.go:96.2,96.46 1 1
github.com/baphled/kariya/internal/cli/validation/validator.go:96.46,98.33 2 1
github.com/baphled/kariya/internal/cli/validation/validator.go:98.33,100.4 1 1
github.com/baphled/kariya/internal/cli/validation/validator.go:104.2,104.12 1 1
github.com/baphled/kariya/internal/cli/validation/validator.go:108.60,110.19 1 1
github.com/baphled/kariya/internal/cli/validation/validator.go:110.19,112.3 1 1
github.com/baphled/kariya/internal/cli/validation/validator.go:115.2,116.27 2 1
github.com/baphled/kariya/internal/cli/validation/validator.go:116.27,117.16 1 1
github.com/baphled/kariya/internal/cli/validation/validator.go:117.16,119.4 1 1
github.com/baphled/kariya/internal/cli/validation/validator.go:120.3,120.19 1 1
github.com/baphled/kariya/internal/cli/validation/validator.go:124.2,124.27 1 1
github.com/baphled/kariya/internal/cli/validation/validator.go:124.27,125.25 1 1
github.com/baphled/kariya/internal/cli/validation/validator.go:125.25,127.4 1 1
github.com/baphled/kariya/internal/cli/validation/validator.go:130.2,130.12 1 1
github.com/baphled/kariya/internal/cli/validation/validator.go:134.36,136.2 1 1
github.com/baphled/kariya/internal/domain/career/event.go:35.41,37.42 1 1
github.com/baphled/kariya/internal/domain/career/event.go:37.42,39.3 1 1
github.com/baphled/kariya/internal/domain/career/event.go:42.2,42.42 1 1
github.com/baphled/kariya/internal/domain/career/event.go:42.42,44.3 1 1
github.com/baphled/kariya/internal/domain/career/event.go:47.2,47.42 1 1
github.com/baphled/kariya/internal/domain/career/event.go:47.42,49.3 1 1
github.com/baphled/kariya/internal/domain/career/event.go:51.2,51.12 1 1
github.com/baphled/kariya/internal/domain/career/event.go:55.45,57.23 2 1
github.com/baphled/kariya/internal/domain/career/event.go:57.23,59.3 1 1
github.com/baphled/kariya/internal/domain/career/event.go:60.2,60.29 1 1
github.com/baphled/kariya/internal/domain/career/event.go:60.29,62.3 1 1
github.com/baphled/kariya/internal/domain/career/event.go:63.2,63.12 1 1
github.com/baphled/kariya/internal/domain/career/event.go:67.45,69.24 2 1
github.com/baphled/kariya/internal/domain/career/event.go:69.24,71.3 1 1
github.com/baphled/kariya/internal/domain/career/event.go:72.2,72.12 1 1
github.com/baphled/kariya/internal/domain/career/event.go:76.45,77.30 1 1
github.com/baphled/kariya/internal/domain/career/event.go:77.30,78.24 1 1
github.com/baphled/kariya/internal/domain/career/event.go:78.24,80.4 1 1
github.com/baphled/kariya/internal/domain/career/event.go:82.2,82.12 1 1
github.com/baphled/kariya/internal/logger/logger.go:40.52,47.2 1 1
github.com/baphled/kariya/internal/logger/logger.go:50.30,52.2 1 1
github.com/baphled/kariya/internal/logger/logger.go:55.56,60.2 4 1
github.com/baphled/kariya/internal/logger/logger.go:63.41,68.2 4 1
github.com/baphled/kariya/internal/logger/logger.go:71.41,75.33 4 1
github.com/baphled/kariya/internal/logger/logger.go:75.33,77.3 1 1
github.com/baphled/kariya/internal/logger/logger.go:78.2,78.40 1 1
github.com/baphled/kariya/internal/logger/logger.go:82.71,84.9 2 1
github.com/baphled/kariya/internal/logger/logger.go:84.9,86.3 1 0
github.com/baphled/kariya/internal/logger/logger.go:87.2,88.29 2 1
github.com/baphled/kariya/internal/logger/logger.go:92.74,93.21 1 1
github.com/baphled/kariya/internal/logger/logger.go:93.21,95.3 1 1
github.com/baphled/kariya/internal/logger/logger.go:97.2,114.28 6 1
github.com/baphled/kariya/internal/logger/logger.go:118.60,120.2 1 1
github.com/baphled/kariya/internal/logger/logger.go:123.59,125.2 1 1
github.com/baphled/kariya/internal/logger/logger.go:128.59,130.2 1 1
github.com/baphled/kariya/internal/logger/logger.go:133.60,135.2 1 1
github.com/baphled/kariya/internal/logger/logger.go:138.60,141.2 2 0
github.com/baphled/kariya/internal/logger/logger.go:144.35,145.11 1 1
github.com/baphled/kariya/internal/logger/logger.go:146.18,147.17 1 1
github.com/baphled/kariya/internal/logger/logger.go:148.17,149.16 1 1
github.com/baphled/kariya/internal/logger/logger.go:150.17,151.16 1 1
github.com/baphled/kariya/internal/logger/logger.go:152.18,153.17 1 1
github.com/baphled/kariya/internal/logger/logger.go:154.18,155.17 1 1
github.com/baphled/kariya/internal/logger/logger.go:156.10,157.19 1 0
github.com/baphled/kariya/internal/logger/logger.go:162.63,171.33 2 1
github.com/baphled/kariya/internal/logger/logger.go:171.33,173.3 1 0
github.com/baphled/kariya/internal/logger/logger.go:176.2,176.27 1 1
github.com/baphled/kariya/internal/logger/logger.go:176.27,178.3 1 1
github.com/baphled/kariya/internal/logger/logger.go:180.2,180.18 1 1
github.com/baphled/kariya/internal/repository/career/mocks/mock_helper.go:34.50,36.2 1 1
github.com/baphled/kariya/internal/repository/career/mocks/mock_helper.go:39.59,41.2 1 1
github.com/baphled/kariya/internal/repository/career/mocks/mock_helper.go:44.59,46.2 1 1
github.com/baphled/kariya/internal/repository/career/mocks/mock_helper.go:49.59,51.2 1 1
github.com/baphled/kariya/internal/repository/career/mocks/mock_helper.go:54.87,57.2 2 1
github.com/baphled/kariya/internal/repository/career/mocks/mock_helper.go:60.87,63.2 2 1
github.com/baphled/kariya/internal/repository/career/mocks/mock_helper.go:66.69,69.2 2 1
github.com/baphled/kariya/internal/repository/career/mocks/mock_helper.go:72.91,75.2 2 1
github.com/baphled/kariya/internal/repository/career/mocks/mock_helper.go:78.91,81.2 2 1
github.com/baphled/kariya/internal/repository/career/mocks/mock_helper.go:84.80,87.2 2 1
github.com/baphled/kariya/internal/repository/career/mocks/mock_helper.go:90.104,93.2 2 1
github.com/baphled/kariya/internal/repository/career/mocks/mock_helper.go:96.113,99.2 2 1
github.com/baphled/kariya/internal/repository/career/mocks/mock_helper.go:102.96,105.2 2 1
github.com/baphled/kariya/internal/repository/career/mocks/mock_helper.go:108.50,110.2 1 1
github.com/baphled/kariya/internal/repository/career/mocks/mock_helper.go:113.50,115.2 1 1
github.com/baphled/kariya/internal/repository/career/mocks/mock_helper.go:118.50,120.2 1 1
github.com/baphled/kariya/internal/repository/career/mocks/mock_helper.go:123.51,125.2 1 0
github.com/baphled/kariya/internal/repository/career/mocks/mock_helper.go:128.48,130.2 1 0
github.com/baphled/kariya/internal/repository/career/mocks/mock_helper.go:133.49,135.2 1 0
github.com/baphled/kariya/internal/repository/career/mocks/repository_mock.go:28.65,32.2 3 0
github.com/baphled/kariya/internal/repository/career/mocks/repository_mock.go:35.63,37.2 1 0
github.com/baphled/kariya/internal/repository/career/mocks/repository_mock.go:40.93,46.2 5 0
github.com/baphled/kariya/internal/repository/career/mocks/repository_mock.go:49.82,52.2 2 0
github.com/baphled/kariya/internal/repository/career/mocks/repository_mock.go:55.87,60.2 4 0
github.com/baphled/kariya/internal/repository/career/mocks/repository_mock.go:63.83,66.2 2 0
github.com/baphled/kariya/internal/repository/career/mocks/repository_mock.go:69.74,74.2 4 0
github.com/baphled/kariya/internal/repository/career/mocks/repository_mock.go:77.83,80.2 2 0
github.com/baphled/kariya/internal/repository/career/mocks/repository_mock.go:83.98,89.2 5 0
github.com/baphled/kariya/internal/repository/career/mocks/repository_mock.go:92.84,95.2 2 0
github.com/baphled/kariya/internal/repository/career/mocks/repository_mock.go:98.110,104.2 5 0
github.com/baphled/kariya/internal/repository/career/mocks/repository_mock.go:107.81,110.2 2 0
github.com/baphled/kariya/internal/repository/career/mocks/repository_mock.go:113.87,118.2 4 0
github.com/baphled/kariya/internal/repository/career/mocks/repository_mock.go:121.83,124.2 2 0
github.com/baphled/kariya/internal/repository/career/repository.go:69.46,73.2 1 1
github.com/baphled/kariya/internal/repository/career/repository.go:76.89,81.41 3 1
github.com/baphled/kariya/internal/repository/career/repository.go:81.41,83.3 1 0
github.com/baphled/kariya/internal/repository/career/repository.go:86.2,86.20 1 1
github.com/baphled/kariya/internal/repository/career/repository.go:86.20,88.3 1 1
github.com/baphled/kariya/internal/repository/career/repository.go:91.2,91.45 1 1
github.com/baphled/kariya/internal/repository/career/repository.go:91.45,93.3 1 1
github.com/baphled/kariya/internal/repository/career/repository.go:96.2,102.12 5 1
github.com/baphled/kariya/internal/repository/career/repository.go:106.97,111.13 4 1
github.com/baphled/kariya/internal/repository/career/repository.go:111.13,113.3 1 1
github.com/baphled/kariya/internal/repository/career/repository.go:115.2,115.19 1 1
github.com/baphled/kariya/internal/repository/career/repository.go:119.89,124.41 3 1
github.com/baphled/kariya/internal/repository/career/repository.go:124.41,126.3 1 0
github.com/baphled/kariya/internal/repository/career/repository.go:129.2,129.46 1 1
github.com/baphled/kariya/internal/repository/career/repository.go:129.46,131.3 1 1
github.com/baphled/kariya/internal/repository/career/repository.go:134.2,138.12 3 1
github.com/baphled/kariya/internal/repository/career/repository.go:142.73,146.40 3 1
github.com/baphled/kariya/internal/repository/career/repository.go:146.40,148.3 1 1
github.com/baphled/kariya/internal/repository/career/repository.go:150.2,151.12 2 1
github.com/baphled/kariya/internal/repository/career/repository.go:155.106,161.33 4 1
github.com/baphled/kariya/internal/repository/career/repository.go:161.33,163.28 1 1
github.com/baphled/kariya/internal/repository/career/repository.go:163.28,164.49 1 1
github.com/baphled/kariya/internal/repository/career/repository.go:164.49,165.13 1 1
github.com/baphled/kariya/internal/repository/career/repository.go:170.3,170.72 1 1
github.com/baphled/kariya/internal/repository/career/repository.go:170.72,171.12 1 1
github.com/baphled/kariya/internal/repository/career/repository.go:173.3,173.67 1 1
github.com/baphled/kariya/internal/repository/career/repository.go:173.67,174.12 1 0
github.com/baphled/kariya/internal/repository/career/repository.go:177.3,177.37 1 1
github.com/baphled/kariya/internal/repository/career/repository.go:181.2,181.43 1 1
github.com/baphled/kariya/internal/repository/career/repository.go:181.43,182.25 1 1
github.com/baphled/kariya/internal/repository/career/repository.go:183.15,184.35 1 0
github.com/baphled/kariya/internal/repository/career/repository.go:184.35,186.5 1 0
github.com/baphled/kariya/internal/repository/career/repository.go:187.4,187.52 1 0
github.com/baphled/kariya/internal/repository/career/repository.go:188.11,189.62 1 1
github.com/baphled/kariya/internal/repository/career/repository.go:194.2,197.27 3 1
github.com/baphled/kariya/internal/repository/career/repository.go:197.27,199.3 1 0
github.com/baphled/kariya/internal/repository/career/repository.go:201.2,201.25 1 1
github.com/baphled/kariya/internal/repository/career/repository.go:201.25,203.3 1 1
github.com/baphled/kariya/internal/repository/career/repository.go:205.2,205.33 1 1
github.com/baphled/kariya/internal/repository/career/repository.go:209.89,214.33 4 1
github.com/baphled/kariya/internal/repository/career/repository.go:214.33,216.28 1 1
github.com/baphled/kariya/internal/repository/career/repository.go:216.28,217.49 1 1
github.com/baphled/kariya/internal/repository/career/repository.go:217.49,218.13 1 1
github.com/baphled/kariya/internal/repository/career/repository.go:223.3,223.72 1 1
github.com/baphled/kariya/internal/repository/career/repository.go:223.72,224.12 1 0
github.com/baphled/kariya/internal/repository/career/repository.go:226.3,226.67 1 1
github.com/baphled/kariya/internal/repository/career/repository.go:226.67,227.12 1 0
github.com/baphled/kariya/internal/repository/career/repository.go:230.3,230.10 1 1
github.com/baphled/kariya/internal/repository/career/repository.go:233.2,233.19 1 1
github.com/baphled/kariya/internal/repository/career/repository.go:237.58,239.32 2 1
github.com/baphled/kariya/internal/repository/career/repository.go:239.32,241.3 1 1
github.com/baphled/kariya/internal/repository/career/repository.go:243.2,243.39 1 1
github.com/baphled/kariya/internal/repository/career/repository.go:243.39,244.24 1 1
github.com/baphled/kariya/internal/repository/career/repository.go:244.24,246.4 1 1
github.com/baphled/kariya/internal/repository/career/repository.go:249.2,249.14 1 1
github.com/baphled/kariya/internal/repository/career/sqlite_repository.go:22.68,25.16 2 1
github.com/baphled/kariya/internal/repository/career/sqlite_repository.go:25.16,27.3 1 0
github.com/baphled/kariya/internal/repository/career/sqlite_repository.go:30.2,41.16 2 1
github.com/baphled/kariya/internal/repository/career/sqlite_repository.go:41.16,43.3 1 0
github.com/baphled/kariya/internal/repository/career/sqlite_repository.go:45.2,45.39 1 1
github.com/baphled/kariya/internal/repository/career/sqlite_repository.go:49.89,51.41 1 1
github.com/baphled/kariya/internal/repository/career/sqlite_repository.go:51.41,53.3 1 0
github.com/baphled/kariya/internal/repository/career/sqlite_repository.go:56.2,56.20 1 1
github.com/baphled/kariya/internal/repository/career/sqlite_repository.go:56.20,58.3 1 1
github.com/baphled/kariya/internal/repository/career/sqlite_repository.go:61.2,67.25 5 1
github.com/baphled/kariya/internal/repository/career/sqlite_repository.go:67.25,69.38 2 1
github.com/baphled/kariya/internal/repository/career/sqlite_repository.go:69.38,71.4 1 1
github.com/baphled/kariya/internal/repository/career/sqlite_repository.go:75.2,77.16 3 1
github.com/baphled/kariya/internal/repository/career/sqlite_repository.go:77.16,79.3 1 0
github.com/baphled/kariya/internal/repository/career/sqlite_repository.go:80.2,80.15 1 1
github.com/baphled/kariya/internal/repository/career/sqlite_repository.go:80.15,82.3 1 1
github.com/baphled/kariya/internal/repository/career/sqlite_repository.go:85.2,91.16 2 1
github.com/baphled/kariya/internal/repository/career/sqlite_repository.go:91.16,93.3 1 0
github.com/baphled/kariya/internal/repository/career/sqlite_repository.go:95.2,95.12 1 1
github.com/baphled/kariya/internal/repository/career/sqlite_repository.go:99.97,119.26 5 1
github.com/baphled/kariya/internal/repository/career/sqlite_repository.go:119.26,121.3 1 1
github.com/baphled/kariya/internal/repository/career/sqlite_repository.go:122.2,122.16 1 1
github.com/baphled/kariya/internal/repository/career/sqlite_repository.go:122.16,124.3 1 0
github.com/baphled/kariya/internal/repository/career/sqlite_repository.go:127.2,127.21 1 1
github.com/baphled/kariya/internal/repository/career/sqlite_repository.go:127.21,129.3 1 1
github.com/baphled/kariya/internal/repository/career/sqlite_repository.go:132.2,132.28 1 1
github.com/baphled/kariya/internal/repository/career/sqlite_repository.go:132.28,134.3 1 0
github.com/baphled/kariya/internal/repository/career/sqlite_repository.go:136.2,136.20 1 1
github.com/baphled/kariya/internal/repository/career/sqlite_repository.go:140.89,142.41 1 1
github.com/baphled/kariya/internal/repository/career/sqlite_repository.go:142.41,144.3 1 0
github.com/baphled/kariya/internal/repository/career/sqlite_repository.go:147.2,149.16 3 1
github.com/baphled/kariya/internal/repository/career/sqlite_repository.go:149.16,151.3 1 0
github.com/baphled/kariya/internal/repository/career/sqlite_repository.go:152.2,152.17 1 1
github.com/baphled/kariya/internal/repository/career/sqlite_repository.go:152.17,154.3 1 1
github.com/baphled/kariya/internal/repository/career/sqlite_repository.go:157.2,158.25 2 1
github.com/baphled/kariya/internal/repository/career/sqlite_repository.go:158.25,160.38 2 1
github.com/baphled/kariya/internal/repository/career/sqlite_repository.go:160.38,162.4 1 1
github.com/baphled/kariya/internal/repository/career/sqlite_repository.go:166.2,174.16 4 1
github.com/baphled/kariya/internal/repository/career/sqlite_repository.go:174.16,176.3 1 0
github.com/baphled/kariya/internal/repository/career/sqlite_repository.go:178.2,178.12 1 1
github.com/baphled/kariya/internal/repository/career/sqlite_repository.go:182.73,186.16 3 1
github.com/baphled/kariya/internal/repository/career/sqlite_repository.go:186.16,188.3 1 0
github.com/baphled/kariya/internal/repository/career/sqlite_repository.go:189.2,189.17 1 1
github.com/baphled/kariya/internal/repository/career/sqlite_repository.go:189.17,191.3 1 1
github.com/baphled/kariya/internal/repository/career/sqlite_repository.go:194.2,195.16 2 1
github.com/baphled/kariya/internal/repository/career/sqlite_repository.go:195.16,197.3 1 0
github.com/baphled/kariya/internal/repository/career/sqlite_repository.go:199.2,199.12 1 1
github.com/baphled/kariya/internal/repository/career/sqlite_repository.go:203.106,209.27 3 1
github.com/baphled/kariya/internal/repository/career/sqlite_repository.go:209.27,212.36 2 1
github.com/baphled/kariya/internal/repository/career/sqlite_repository.go:212.36,213.13 1 1
github.com/baphled/kariya/internal/repository/career/sqlite_repository.go:213.13,215.5 1 0
github.com/baphled/kariya/internal/repository/career/sqlite_repository.go:216.4,217.36 2 1
github.com/baphled/kariya/internal/repository/career/sqlite_repository.go:219.3,219.15 1 1
github.com/baphled/kariya/internal/repository/career/sqlite_repository.go:223.2,223.30 1 1
github.com/baphled/kariya/internal/repository/career/sqlite_repository.go:223.30,226.3 2 1
github.com/baphled/kariya/internal/repository/career/sqlite_repository.go:227.2,227.28 1 1
github.com/baphled/kariya/internal/repository/career/sqlite_repository.go:227.28,230.3 2 1
github.com/baphled/kariya/internal/repository/career/sqlite_repository.go:233.2,233.24 1 1
github.com/baphled/kariya/internal/repository/career/sqlite_repository.go:234.14,235.28 1 0
github.com/baphled/kariya/internal/repository/career/sqlite_repository.go:236.10,237.34 1 1
github.com/baphled/kariya/internal/repository/career/sqlite_repository.go:240.2,240.33 1 1
github.com/baphled/kariya/internal/repository/career/sqlite_repository.go:240.33,242.3 1 0
github.com/baphled/kariya/internal/repository/career/sqlite_repository.go:245.2,247.16 3 1
github.com/baphled/kariya/internal/repository/career/sqlite_repository.go:247.16,249.3 1 1
github.com/baphled/kariya/internal/repository/career/sqlite_repository.go:250.2,254.16 3 1
github.com/baphled/kariya/internal/repository/career/sqlite_repository.go:254.16,256.3 1 0
github.com/baphled/kariya/internal/repository/career/sqlite_repository.go:257.2,260.18 3 1
github.com/baphled/kariya/internal/repository/career/sqlite_repository.go:260.18,276.17 7 1
github.com/baphled/kariya/internal/repository/career/sqlite_repository.go:276.17,278.4 1 0
github.com/baphled/kariya/internal/repository/career/sqlite_repository.go:281.3,281.22 1 1
github.com/baphled/kariya/internal/repository/career/sqlite_repository.go:281.22,283.4 1 1
github.com/baphled/kariya/internal/repository/career/sqlite_repository.go:286.3,286.29 1 1
github.com/baphled/kariya/internal/repository/career/sqlite_repository.go:286.29,288.4 1 0
github.com/baphled/kariya/internal/repository/career/sqlite_repository.go:290.3,290.34 1 1
github.com/baphled/kariya/internal/repository/career/sqlite_repository.go:293.2,293.20 1 1
github.com/baphled/kariya/internal/repository/career/sqlite_repository.go:297.89,303.27 3 1
github.com/baphled/kariya/internal/repository/career/sqlite_repository.go:303.27,306.36 2 1
github.com/baphled/kariya/internal/repository/career/sqlite_repository.go:306.36,307.13 1 1
github.com/baphled/kariya/internal/repository/career/sqlite_repository.go:307.13,309.5 1 0
github.com/baphled/kariya/internal/repository/career/sqlite_repository.go:310.4,311.36 2 1
github.com/baphled/kariya/internal/repository/career/sqlite_repository.go:313.3,313.15 1 1
github.com/baphled/kariya/internal/repository/career/sqlite_repository.go:317.2,317.30 1 1
github.com/baphled/kariya/internal/repository/career/sqlite_repository.go:317.30,320.3 2 1
github.com/baphled/kariya/internal/repository/career/sqlite_repository.go:321.2,321.28 1 1
github.com/baphled/kariya/internal/repository/career/sqlite_repository.go:321.28,324.3 2 0
github.com/baphled/kariya/internal/repository/career/sqlite_repository.go:327.2,329.16 3 1
github.com/baphled/kariya/internal/repository/career/sqlite_repository.go:329.16,331.3 1 0
github.com/baphled/kariya/internal/repository/career/sqlite_repository.go:333.2,333.19 1 1
github.com/baphled/kariya/internal/repository/career/sqlite_repository.go:337.42,339.2 1 1
github.com/baphled/kariya/internal/repository/career/sqlite_repository.go:342.41,343.13 1 1
github.com/baphled/kariya/internal/repository/career/sqlite_repository.go:343.13,345.3 1 0
github.com/baphled/kariya/internal/repository/career/sqlite_repository.go:346.2,346.30 1 1
github.com/baphled/kariya/internal/repository/career/sqlite_repository.go:350.41,351.13 1 0
github.com/baphled/kariya/internal/repository/career/sqlite_repository.go:351.13,353.3 1 0
github.com/baphled/kariya/internal/repository/career/sqlite_repository.go:354.2,354.30 1 0
github.com/baphled/kariya/internal/service/career/classification/classifier.go:30.34,60.2 1 1
github.com/baphled/kariya/internal/service/career/classification/classifier.go:63.77,65.33 1 1
github.com/baphled/kariya/internal/service/career/classification/classifier.go:65.33,67.31 1 1
github.com/baphled/kariya/internal/service/career/classification/classifier.go:68.20,69.30 1 1
github.com/baphled/kariya/internal/service/career/classification/classifier.go:70.21,71.31 1 0
github.com/baphled/kariya/internal/service/career/classification/classifier.go:72.18,73.28 1 0
github.com/baphled/kariya/internal/service/career/classification/classifier.go:74.21,75.31 1 1
github.com/baphled/kariya/internal/service/career/classification/classifier.go:76.19,77.29 1 0
github.com/baphled/kariya/internal/service/career/classification/classifier.go:78.20,79.30 1 0
github.com/baphled/kariya/internal/service/career/classification/classifier.go:84.2,87.9 2 1
github.com/baphled/kariya/internal/service/career/classification/classifier.go:88.65,89.30 1 1
github.com/baphled/kariya/internal/service/career/classification/classifier.go:91.48,92.29 1 1
github.com/baphled/kariya/internal/service/career/classification/classifier.go:93.10,98.54 2 1
github.com/baphled/kariya/internal/service/career/classification/classifier.go:98.54,99.37 1 1
github.com/baphled/kariya/internal/service/career/classification/classifier.go:99.37,103.5 3 1
github.com/baphled/kariya/internal/service/career/classification/classifier.go:107.3,117.42 2 1
github.com/baphled/kariya/internal/service/career/classification/classifier.go:117.42,118.36 1 1
github.com/baphled/kariya/internal/service/career/classification/classifier.go:118.36,120.5 1 1
github.com/baphled/kariya/internal/service/career/classification/classifier.go:124.3,124.29 1 1
github.com/baphled/kariya/internal/service/career/classification/classifier.go:129.84,132.33 2 1
github.com/baphled/kariya/internal/service/career/classification/classifier.go:132.33,133.31 1 1
github.com/baphled/kariya/internal/service/career/classification/classifier.go:134.20,135.56 1 1
github.com/baphled/kariya/internal/service/career/classification/classifier.go:136.21,137.57 1 0
github.com/baphled/kariya/internal/service/career/classification/classifier.go:138.18,139.54 1 0
github.com/baphled/kariya/internal/service/career/classification/classifier.go:140.21,141.57 1 1
github.com/baphled/kariya/internal/service/career/classification/classifier.go:142.19,143.55 1 0
github.com/baphled/kariya/internal/service/career/classification/classifier.go:144.20,145.56 1 0
github.com/baphled/kariya/internal/service/career/classification/classifier.go:150.2,150.25 1 1
github.com/baphled/kariya/internal/service/career/classification/classifier.go:150.25,152.3 1 1
github.com/baphled/kariya/internal/service/career/classification/classifier.go:155.2,158.9 2 1
github.com/baphled/kariya/internal/service/career/classification/classifier.go:159.65,160.52 1 1
github.com/baphled/kariya/internal/service/career/classification/classifier.go:162.56,163.50 1 1
github.com/baphled/kariya/internal/service/career/classification/classifier.go:165.44,166.49 1 0
github.com/baphled/kariya/internal/service/career/classification/classifier.go:168.47,169.51 1 1
github.com/baphled/kariya/internal/service/career/classification/classifier.go:171.48,172.72 1 1
github.com/baphled/kariya/internal/service/career/classification/classifier.go:173.10,178.54 2 1
github.com/baphled/kariya/internal/service/career/classification/classifier.go:178.54,179.37 1 1
github.com/baphled/kariya/internal/service/career/classification/classifier.go:179.37,183.5 3 1
github.com/baphled/kariya/internal/service/career/classification/classifier.go:187.3,199.42 3 1
github.com/baphled/kariya/internal/service/career/classification/classifier.go:199.42,200.36 1 1
github.com/baphled/kariya/internal/service/career/classification/classifier.go:200.36,202.10 2 1
github.com/baphled/kariya/internal/service/career/classification/classifier.go:207.3,207.34 1 1
github.com/baphled/kariya/internal/service/career/classification/classifier.go:207.34,209.4 1 1
github.com/baphled/kariya/internal/service/career/classification/classifier.go:211.3,211.27 1 1
github.com/baphled/kariya/internal/service/career/service.go:37.54,42.2 1 1
github.com/baphled/kariya/internal/service/career/service.go:45.109,47.41 1 1
github.com/baphled/kariya/internal/service/career/service.go:47.41,56.3 2 1
github.com/baphled/kariya/internal/service/career/service.go:59.2,59.14 1 1
github.com/baphled/kariya/internal/service/career/service.go:60.26,62.47 1 1
github.com/baphled/kariya/internal/service/career/service.go:62.47,70.4 2 1
github.com/baphled/kariya/internal/service/career/service.go:71.18,78.35 1 1
github.com/baphled/kariya/internal/service/career/service.go:79.19,85.34 1 1
github.com/baphled/kariya/internal/service/career/service.go:86.10,92.50 2 1
github.com/baphled/kariya/internal/service/career/service.go:96.2,96.20 1 1
github.com/baphled/kariya/internal/service/career/service.go:96.20,104.3 2 1
github.com/baphled/kariya/internal/service/career/service.go:107.2,112.50 4 1
github.com/baphled/kariya/internal/service/career/service.go:112.50,121.3 2 1
github.com/baphled/kariya/internal/service/career/service.go:123.2,131.12 2 1
github.com/baphled/kariya/internal/service/career/service.go:135.85,137.41 1 1
github.com/baphled/kariya/internal/service/career/service.go:137.41,145.3 2 1
github.com/baphled/kariya/internal/service/career/service.go:148.2,149.16 2 1
github.com/baphled/kariya/internal/service/career/service.go:149.16,157.3 2 1
github.com/baphled/kariya/internal/service/career/service.go:160.2,165.22 4 1
github.com/baphled/kariya/internal/service/career/service.go:165.22,172.3 1 1
github.com/baphled/kariya/internal/service/career/service.go:174.2,174.18 1 1
github.com/baphled/kariya/internal/service/career/service.go:178.74,180.22 2 1
github.com/baphled/kariya/internal/service/career/service.go:180.22,187.3 1 1
github.com/baphled/kariya/internal/service/career/service.go:188.2,188.18 1 1
github.com/baphled/kariya/internal/service/career/service.go:192.108,194.16 2 1
github.com/baphled/kariya/internal/service/career/service.go:194.16,201.3 1 1
github.com/baphled/kariya/internal/service/career/service.go:202.2,202.20 1 1
github.com/baphled/kariya/internal/service/career/service.go:206.91,208.16 2 1
github.com/baphled/kariya/internal/service/career/service.go:208.16,215.3 1 1
github.com/baphled/kariya/internal/service/career/service.go:216.2,216.19 1 1
github.com/baphled/kariya/internal/service/career/service.go:220.98,222.16 2 1
github.com/baphled/kariya/internal/service/career/service.go:222.16,229.3 1 1
github.com/baphled/kariya/internal/service/career/service.go:230.2,230.19 1 1
